app/coins/[id]/page.tsx(141,55): error TS2339: Property 'circulating_supply' does not exist on type '{ current_price: { [key: string]: number; usd: number; }; price_change_24h_in_currency: { usd: number; }; price_change_percentage_24h_in_currency: { usd: number; }; price_change_percentage_30d_in_currency: { ...; }; market_cap: { ...; }; total_volume: { ...; }; high_24h: { ...; }; low_24h: { ...; }; }'.
app/coins/[id]/page.tsx(148,55): error TS2339: Property 'max_supply' does not exist on type '{ current_price: { [key: string]: number; usd: number; }; price_change_24h_in_currency: { usd: number; }; price_change_percentage_24h_in_currency: { usd: number; }; price_change_percentage_30d_in_currency: { ...; }; market_cap: { ...; }; total_volume: { ...; }; high_24h: { ...; }; low_24h: { ...; }; }'.
app/coins/[id]/page.tsx(148,85): error TS2339: Property 'max_supply' does not exist on type '{ current_price: { [key: string]: number; usd: number; }; price_change_24h_in_currency: { usd: number; }; price_change_percentage_24h_in_currency: { usd: number; }; price_change_percentage_30d_in_currency: { ...; }; market_cap: { ...; }; total_volume: { ...; }; high_24h: { ...; }; low_24h: { ...; }; }'.
